/map    41209
/guide    96586
/panzika    94442
/   331043
/gallery   574746
/paras  1972561
/chronicles   104361
/events    69295
/procession   140598
/points-of-interest   388073
/announcements    74090
/about-us   112940
/connect    97514
/paras/17-pally-sadharan-durgotsab-samity   118809
/paras/22-no-pally-basi-bindo-durga-puja-pandal   120706
/paras/14-pally-udayan-sangha   120075
/paras/25-pally-club   119303
/paras/22-palli-sarodotsab   119601
/paras/29-pally-durga-puja-pandal   119051
/paras/37-palli-durga-puja-pandal   118619
/paras/47-pally-jubak-brinda   131875
/paras/50-no-ward-durgapuja-committee   119553
/paras/48-north-basudebpur-natun-pally-belghoria   147550
/paras/62-pally   119060
/paras/41-pally-durga-puja-haridevpur   119020
/paras/64-pally-durgotsav-committee   120478
/paras/66palli   119046
/paras/66-pally-durgapuja-pandal   119185
/paras/68-palli-durga-puja-pandal   119415
/paras/68-pally-durga-puja   118972
/paras/7-tanks-durga-puja-pandal   119697
/paras/74-palli-sarbojanin-durgotsab-kidderpore   121424
/paras/95-pally-sarbojanin-durgotsab-committee   121224
/paras/71-palli-baishakhi-sarbojanin-durgotsab-samity   121809
/paras/9erpalli-sarbojanin-durgotsab   121127
/paras/75-pally-sarbojanin-durgotsav   120523
/paras/a-2-durga-puja-kalyani   117100
/paras/a-b-block-abasik-sangha   118947
/paras/aa-1d-sarbojanin-durga-puja   118441
/paras/a-e-part-1-block-committee   119373
/paras/abasar-sarbojanin-durgotsab-committee   124380
/paras/ac-block-puja-pandal   118056
/paras/acharya-prafulla-pally-adi-sarbajonin-durgotsav-est-1950   178177
/paras/ad-block-sarbojonin   118334
/paras/adarsha-pally-sarbojanin-durgotsab-committee   122000
/paras/adi-lake-pally   119508
/paras/adi-naktala-sarbojanin-durgotsav-committee   119887
/paras/adhibasibrinda-kanaidhar-lane   131976
/paras/adi-dakshin-kolkata-barowari-samity   121176
/paras/agradoot-club-durga-puja-makhla   133459
/paras/ae-part-2-durga-puja   118764
/paras/agradoot-durotsab-samity   120285
/paras/ahiritola-jubakbrinda-sarbojanin-sarodotsab   122023
/paras/ahiritola-jubak-brinda-sarbojanin-sarodotsab   121360
/paras/ag-block-durga-puja-committee   120420
/paras/ahirtola-sarbojanin-durgotsab-samity   121434
/paras/aikyatan   119088
/paras/aj-block-puja-pandal   118890
/paras/ajeyo-sanhati   119295
/paras/ajoyadhanagar-club-durga-puja-mandap   133516
/paras/ajoynagar-sarbojanin-durgotsab-society   121310
/paras/alipore-78-pally-sarbojonin-durgotsav-committee   121813
/paras/alipore-tarundal-durgotsab-committee   120677
/paras/alpha-atheletic-association   120737
/paras/amardip-sangha   120226
/paras/ak-block-association-salt-lake   135425
/paras/alipore-sarbojanin-durgotsab-committee   121283
/paras/ambagan-durga-puja-committee   124048
/paras/andul-rajbari   122214
/paras/annapurna-club-durga-puja-pandal   123188
/paras/anjangarh-durgapuja-mor   132871
/paras/ariadaha-jubak-sangha   134255
/paras/amra-kajan-sporting-club   120494
/paras/ariadaha-pragati-sangha   134161
/paras/ashok-nagar-sarbojanin-durgotsab-committee   121467
/paras/aswininagar-bandhu-mahal-club   120399
/paras/aurobindo-setu-sarbojanin-durgapuja   121270
/paras/avijit-club   119350
/paras/aryanagar-kishore-sangha   134126
/paras/babathakurtala-puja-committee   120831
/paras/babubagan-sarbojanin-durgotsava   143664
/paras/ba-block-durga-puja-ground   119137
/paras/badan-chand-roy-rajbari   155908
/paras/bagbazar-pally-puja-o-prodorshoni   120417
/paras/bagbazar-sarbojanin-durga-puja-mandap   163289
/paras/badamtala-ashar-sangha   119991
/paras/bagbazar-street-jagaddhatri-puja   120271
/paras/bagbazar-sarbojanin-durgotsav-exhibition   121699
/paras/baghajatin-b-c-durga-puja-art   119890
/paras/bagha-jatin-tarun-sangha   148138
/paras/baghajatin-e-block-sarbojanin-durgotsab-committee   120055
/paras/baghajatin-b-cblock-durgotsav-committee   121726
/paras/baghajatin-vivekananda-milan-sangha   121173
/paras/bagmari-anchalik-yubak-brinda   120436
/paras/baghbazar-haldar-bari-puja   120103
/paras/bagmari-nabarun-sangha   119955
/paras/bagnan-naba-jagaran-durga-puja-club   122982
/paras/baghmari-club-durga-puja-pandal   119299
/paras/bagmari-bazar-sarbojonin-durga-utsav-committee   120194
/paras/baguiati-subhas-sangha   120120
/paras/baguiati-udayan-sangha   120170
/paras/baishnab-das-mallick-bari-malapara   121216
/paras/baishnabghata-yatra-shuru-sangha   119755
/paras/baje-shibpur-sadharan-durgotsab-new-hz   124596
/paras/baishnabghatapatuli-upanagari-sporting-club   121986
/paras/balia-baishakhi-sangha   120331
/paras/bakulbagan-sarbojanin-durgotsab   120905
/paras/ballygunge-pratisthan-durgabari   119249
/paras/bally-juba-sangha-kali-mandir   122677
/paras/ballygunge-cultural-association   185552
/paras/ballygunge-21-pally   118448
/paras/ballygunge-sporting-association   120624
/paras/balnabin-sangha-muktarambabu-st   118664
/paras/bandhu-milan-sangha-durga-puja-pandal   123683
/paras/bandhudal-sporting-club   120467
/paras/bandhura   122842
/paras/bansdroni-pally-unnayan-samity-puja-mondop   120401
/paras/bamanmura-main-road-durgapuja-committee   133889
/paras/bansdroni-park-association   118968
/paras/bansdroni-sree-sangha   120003
/paras/bangaliyana-mela-durga-puja-ground   119972
/paras/bantra-mohila-sangha   123604
/paras/bantra-nabin-sangha   123458
/paras/baranagar-friends-association-durga-puja   120819
/paras/baranagar-netaji-colony-sarbojanin-durga-puja-highland   121656
/paras/barisha-club   119565
/paras/barisha-sarbojanin-durgotsab   120528
/paras/barisha-players-corner   120282
/paras/barisha-saterpalli-sammilani   120490
/paras/barisha-youth-club   120029
/paras/barisha-yubak-brinda   120303
/paras/barisha-tarun-tirtha   120098
/paras/baruipur-bhattacharya-para   118076
/paras/baruipur-padmapukur-sarbojanin-durga-puja-mondop   119863
/paras/barowarikhola-kali-mandir-durga-mandir   134250
/paras/baruipur-sarbojonin-puja-o-utsav-sangha-durga-mandir   120557
/paras/basu-bati-bagbazar   119279
/paras/basudevpur-puja-committee   118066
/paras/basakbagan-sarbojanin-durgotsab   118600
/paras/basupara-sarbojanin-durgotsavbarisha-sabuj-sathi   122312
/paras/bc-block-durga-puja-ground   118942
/paras/batore-sarbojanin-durgotsav-samity   180373
/paras/beadon-row-suchetana-organization   121574
/paras/bd-block-durga-puja   118480
/paras/beadon-street-sanket-pallibasi-brinda   119146
/paras/beadon-street-sarbojanin-durgotsav   121624
/paras/behala-11-pally-sarodatsab-samity   210964
/paras/behala-29-palli   119599
/paras/behala-buroshibtala-janakalyan-sangha   121213
/paras/behala-club-sarbojanin-durgotsav-comm   121556
/paras/behala-friends   119824
/paras/behala-natun-dal   119617
/paras/behala-nutan-dal   118565
/paras/behala-natun-sangha-puja-committee   121175
/paras/behala-mitra-sangha   119783
/paras/behala-mukul-sangha   119923
/paras/behala-players-corner-durga-puja   120262
/paras/behala-trishakti-sangha   120493
/paras/behala-young-mens-association   120769
/paras/beleghata-balakbrinda-club   120287
/paras/behala-santi-kutir   117937
/paras/beleghata-sarbojanin-durga-puja-committee   121450
/paras/beleghata-sarkar-bazar-vivekananda-sangha   121471
/paras/belgachia-sadharan-durgotsab   120582
/paras/beleghata-gandhimath-friends-circle   120495
/paras/beleghata-lake-side-south-club   120827
/paras/beleghata-sandhani   119713
/paras/belgharia-bani-mandir-durga-puja   133146
/paras/beliaghata-33-pally   118677
/paras/beliaghata-nabamilan   120287
/paras/belgachiayuba-sammilani   120902
/paras/beliaghata-33-no-palli-bashi-brinda   118896
/paras/beltala-shakti-sangha   119972
/paras/bengal-united-club   117496
/paras/bharatmata-puja-sangha   117798
/paras/bharder-thakur-bari   119951
/paras/bhattacharya-para-sarbajanin-durga-puja   123595
/paras/beniatola-sarbojanin   120055
/paras/bh-block-durga-puja   118714
/paras/bhartiya-yuva-parishad-puja-pandal-metiabruz   119709
/paras/bhowanipore-75-palli   119895
/paras/bhawanipore-mitra-bari   119087
/paras/bhowanipore-kansaripara-sarbojanin-durgotsab-samity   120257
/paras/bhowanipore-rupchand   118087
/paras/bhowanipore-sanatan-dharmautsahini-sobha   119444
/paras/bhowanipore-muktadal   120122
/paras/bhowanipore-sarbojanin-durgotsab   120831
/paras/bhowanipore-swadhin-sangha   120381
/paras/bhowanipur-75-palli   118772
/paras/bhowanipur-sarbojanin-durgotsav   119616
/paras/bhowanipur-swadhin-sangha-durga-puja   119541
/paras/bhukailash-rajbari   119188
/paras/bhukailash-road-sarbojanin-durgotsab-samity   119704
/paras/bhuripukur-durga-puja-pandal   119154
/paras/bidhan-sarani-atlas-club   120986
/paras/bijoypur-sarbojanin-durgapuja-committee   135194
/paras/bidhannagar-saltlake-bb-block-residents-association   120457
/paras/boral-sukanta-sangha   120023
/paras/bondhudol-durga-puja   119333
/paras/bosepukur-sitala-mandir   119885
/paras/bosepukur-talbagan   117809
/paras/brahmpur-harisava-sarbojanin-durgotsab-committee   119981
/paras/bowbazar-47-palli-milansree-welfare-society   125551
/paras/brihattara-bagmari-sarbajanin-durgotsab-committee   119527
/paras/brindabon-matri-mandir   119435
/paras/brindaban-matrimandir   279108
/paras/bosepukur-parijat-club   119894
/paras/bs-club-bongaon   116926
/paras/campbagan-sadharan-durgotsab-committee   122066
/paras/central-calcutta-youth-association   127059
/paras/cf-block-residents-association-durga-puja-pandal   120740
/paras/central-park-youth-association   121000
/paras/cd-block-durga-puja   118753
/paras/chakraborty-barir-durga-pujo   119535
/paras/chakraberia-sarbojanin-durgotsab   120845
/paras/chaltabagan-sarbojanin-durgotsab-committee   121341
/paras/charer-palli-sarbojanin-durgotsab-committee   122251
/paras/chandranath-chatterjee-street-sarbojanin   119348
/paras/chatterjee-para-sunday-club-gobardanga   120607
/paras/chetla-agroni-club   119495
/paras/chhatu-babu-latu-babu-thakur-bari-ramdulal-nibas   121911
/paras/chinar-park-adhibasibrinda   119793
/paras/chatterjeehat-shree-shree-durgapuja-sangam   125096
/paras/chetla-agrani-durga-puja-pandal   119414
/paras/chetla-sarbasadharaner-durgotsab   120369
/paras/chorbagan-chatterjee-bari   119342
/paras/chorbagan-mitra-bari   120024
/paras/chorebagan-sarbojanin-durgotsab-samity   122001
/paras/chotushkone-park-saradia-sammilani   120956
/paras/cit-light-welfare-association   118550
/paras/connectivity-test   115037
/paras/college-square-sarbojanin-durgotsab-committee   132980
/paras/cossipore-tarundal-durga-puja   120067
/paras/dakshin-entally-sarbajanin-durga-puja-committee   120389
/paras/dakshin-kolkata-sarbojonin-durgotsob   119881
/paras/dakshin-dari-youths   119870
/paras/dakshin-kolkata-tarun-samity   120465
/paras/dakshin-palli-sarbojanin-durgotsab-committee   119785
/paras/dakshin-pally-sarbojanin-durgotsav-committtee   147387
/paras/dakshin-purbachal-sarbojanin-durgotsav-comm-udayan-sangha   123165
/paras/dakshin-rabindrapally-sarbojanin-durgapuja-committee   119973
/paras/dakshinayan-residents-welfare-soceity   119416
/paras/darjipara-mitra-bari   120159
/paras/darjeepara-sarbojonin-durgotsab-samity   121870
/paras/darjipara-mitra-house   119901
/paras/darpanarayan-tagore-stpally-samity   121639
/paras/dashadrone-youth-karna-shyam-durga-puja-pandal   134787
/paras/db-block-durga-puja-ground   119215
/paras/dakshinpara-durgotsab-committee   121352
/paras/deshapriyanagar-sadharan-durgotsab-sinthi-more   121734
/paras/debdaru-fatak-sarbojanin-durgotsab   120926
/paras/deshapriya-park-sarbojanin-durgotsab   204714
/paras/deshapriyanagar-sadharon-durgotsab   121727
/paras/dhakuria-pragati-sangha   120060
/paras/dewanpara-sarbojanin-durgapuja-samity   133528
/paras/dhakuria-sarbojanin-durgotsab   120794
/paras/dhaniapara-puja-mandap   132812
/paras/dharar-math-bhatri-sangha-durgapuja-pandal   124209
/paras/dilip-smriti-sangha   119908
/paras/dharsa-chowdhury-para-durgamondop   122781
/paras/dharsa-vratri-sangha-sarbojanin-durgotsav-committee   120074
/paras/domjur-ghoshbari-puja-mandap   122426
/paras/duillya-durga-puja-pandal   122684
/paras/dum-dum-park-tarun-sangha   119840
/paras/dum-dum-park-sarbojanin-durga-puja-samity   121096
/paras/dum-dum-park-bharat-chakra   120136
/paras/dum-dum-park-yubak-brinda   119843
/paras/dum-dum-tarun-dal   119714
/paras/durbar-mahila-samanyay-committee   118677
/paras/durga-bhavan-baranagar-lowland-durga-puja   120626
/paras/durga-bari-baruipara-domjur   122391
/paras/durga-maath-open-play-ground-tangra-100-yrs   120423
/paras/durga-museum-maa-phire-elo-rabindra-sarobar   119839
/paras/durga-puja-committee-triangular-park   120270
/paras/durga-puja-mandap-panihati   132836
/paras/durga-puja-pandal-andul-alampur-howrah   123413
/paras/durga-puja-pandal-andul-howrah   123132
/paras/durga-puja-pandal-barrackpore   133347
/paras/durga-puja-pandal-howrah-1-hat-ln   123512
/paras/durga-puja-pandal-serampore-mahesh-colony   134402
/paras/durga-puja-pandal-manohar-pukur-rd   120111
/paras/durga-puja-pandal-taratala   119343
/paras/durga-puja-pandal-uttarpara-makhla   134083
/paras/durga-pujo-fe-block   118879
/paras/durgapuja-agrani-beleghata   120526
/paras/durgotsab-samity-dakkhin-roytala   122962
/paras/duttabagan-durgotsov-committee   121600
/paras/east-end-park-sarbojanin-durgotsab-committee   121835
/paras/durga-sangha-sitala-temple   119977
/paras/east-kolkata-township-welfare-association   121739
/paras/ee-block-saradotsav-committee   118408
/paras/ekdalia-evergreen-club   184324
/paras/ekush-pally-sarbojanin-durgotsab-samiti   119341
/paras/entally-kanthal-bagan-sarbojanin-saradiya-utsav-comm   122019
/paras/entally-matribhumi-durga-puja-samity   120748
/paras/entally-sarbojanin-sri-sri-durga-puja   124958
/paras/entally-sen-villa-durga-puja   119174
/paras/fatehpur-bazar-durga-puja-pandal   119726
/paras/forward-club   119434
/paras/forward-sporting-club   117861
/paras/friends-union-puja-committee   121158
/paras/fuleswar-south-side-durgapuja   122715
/paras/fultala-playground-durga-puja-pandal   123725
/paras/garden-reach-durga-puja-pandal   118929
/paras/gajon-tola-durga-puja-mondop-nangi   118870
/paras/garia-sarbojanin-durgotsab-committee   120808
/paras/gariahat-hindusthan-club   120350
/paras/ghose-bari-pathuriaghata-46-pathuriaghata-st   121185
/paras/goabagan-sarbojanin-durgotsab   121349
/paras/gauri-bari-sarbojanin-durga-puja-pandal   120583
/paras/goabagan-sarodatsav-sammilani   120372
/paras/ghose-bari-46-pathuriaghata-st   120643
/paras/golaghata-sammelani   119784
/paras/golf-green-phase-ii-durga-puja-pandal   119783
/paras/gouriberia-sarbojanin-durgotsab-o-pradarshani   120944
/paras/gopalnagar-malirbagan-durgapuja   117152
/paras/gouriberia-sarbojanin-durgotsab-o-pradorshani   122267
/paras/golden-arrow-club   119633
/paras/golf-green-sarodotsava-committee-phase-ii   121304
/paras/gray-street-sarbojanin-durgotsab-committee   119578
/paras/greenpark-sarbojonin-durgotsob   119507
/paras/grey-street-satadal   118307
/paras/halder-para-kalitala-durga-puja-budge-budge   119685
/paras/halderpara-friends-association   124309
/paras/halsibagan-sarbojanin-durgotsab   121628
/paras/green-avenue-friends-recreation-club   121067
/paras/harakutir-ray-banerjee-barir-durga-pujo   120630
/paras/hari-ghosh-street-sarbojanin-durgotsab-samity   122376
/paras/hari-nath-de-road-barowari-durgotsab   121972
/paras/hari-ghosh-street-swamiji-sangha   122160
/paras/haridevpur-41-pally-club   118844
/paras/haridas-saha-bazar-abasik-kalyan-samity   121877
/paras/haridevpur-adarsha-samity   120252
/paras/haridevpur-apanjan-club   119839
/paras/haridevpur-new-sporting-club   120445
/paras/haritaki-bagan-sarbojonin-durgotsab   120769
/paras/hathkhola-dutta-bari   120089
/paras/hatibagan-sarbojonin-durgotsab-committee   121949
/paras/hatkhola-gosaipara-sarbojonin-durgotsab   120600
/paras/hatkhola-gossain-para-sarbojanin   121314
/paras/hazra-park-durga-puja   118936
/paras/hartaki-bagan-sarbojanin-durgotsab   121495
/paras/hb-block-residents-association   120494
/paras/hedua-park-durga-puja   119257
/paras/hindusthan-pally-durgapuja-committee   119084
/paras/hindusthan-park-sarbojanin-durgotsab-committee   154588
/paras/hindusthan-volunteers   134402
/paras/hossenpur-kishore-sangha   120201
/paras/hindusthan-park-durgotsab-committeepurbachal   119592
/paras/howrah-botanica-majherhat-sarbojanin-durgapuja   123549
/paras/howrah-anusilan-samity   123792
/paras/howrah-jatiya-sevadal   121356
/paras/howrah-saraswati-club   123652
/paras/howrah-seva-sangha   123494
/paras/ib-block-welfare-association   120719
/paras/ichapur-sasthibagan-bani-mondir-sarbojanin-durgotsab   125371
/paras/hridaypur-friends-circle   133218
/paras/ichapur-shivaji-sangha   123807
/paras/iti-more-durga-puja-ground-kalyani-luminous-club   121247
/paras/jadavpur-athletic-club   120517
/paras/jagaran-sangha-narendrapur   119360
/paras/jagari-sangha   118483
/paras/jagat-mukherjee-park   119981
/paras/jagorani-sangha-durga-puja-pandal   120395
/paras/jamini-kaviraj-row-kalyan-sangha   118749
/paras/janbazar-rajbari   130299
/paras/jagriti-sangh-durga-puja-pandal-titagarh   133638
/paras/jhamapukur-sadharan-durgotsab-samity   121182
/paras/jawpur-bayam-samiti   120440
/paras/jhawtala-sarbojanin   119524
/paras/jatra-suru-sangha   120153
/paras/jitendra-smriti-sangha   120361
/paras/jodhpur-park-sarbojanin-distinct-from-95-pally   158389
/paras/jorabagan-chhatra-sanghaati   120728
/paras/jorabagan-chhatra-sanghati   119851
/paras/jorasankao-7-er-palli-sarbojanin-durgapuja   122202
/paras/jorasanko-7-er-palli-sarbojanin-durgapuja   120925
/paras/jorasanko-shib-krishna-daws-bari   121247
/paras/jorasanko-shib-krishna-daw-bari   119808
/paras/joyrampur-sarbojanin-durgpuja-committee   119540
/paras/jorasanko-sadharan-durgotsav-samity   121508
/paras/jubamaitry   116913
/paras/jubok-sangho-puja-mandap   119983
/paras/judgebagan-sarbojanin-durgotsav   118727
/paras/kabirajbagan-sarbajanin-durgotsav-committee   119721
/paras/kaiser-street-sarbojanin   118749
/paras/kakurgachi-chalantika-club   120156
/paras/kailash-bose-street-sarbojanin-durgotsava   122259
/paras/kalabagan-sarbojanin   119294
/paras/kali-puja-pandal-green-park-dum-dum   120827
/paras/kadamtala-durga-mandap   119516
/paras/kalighat-kishore-sangha   120079
/paras/kalighat-milan-sangha   120141
/paras/kalighat-nepal-bhattacharjee-st-club   121161
/paras/kalighat-sree-sangha   118977
/paras/kalighat-mahashakti-durga-puja   119410
/paras/kalitala-r-k-das-road-durgotsav-comm   121529
/paras/kalitala-sporting-club   120116
/paras/kalyan-sangha-durga-puja-lake-gardens   119738
/paras/kamardanga-sitalatala-puja-committee   124730
/paras/kamal-park-sarbojanin-durga-puja-committee   120212
/paras/kamdahari-jagrata-sangha   118171
/paras/kankurgachi-chalantika-durgotsav-ground   120131
/paras/kankurgachi-jubak-brinda   119879
/paras/kankurgachi-mitali-sangha-durga-puja-pandal   120030
/paras/kankurgachi-milan-mela-samity   120383
/paras/kanjial-para-puja-samity   134202
/paras/kanungo-park-recreation-club-liabrary   422157
/paras/karbagan-sarbojanin-durgotsab-committee   122083
/paras/kasba-r-k-chatterjee-road-adhibasi-brinda   121061
/paras/kasba-shakti-sangha   118718
/paras/kasba-uttarpara-arabinda-sporting-club   119270
/paras/kasba-rathtala-club   118073
/paras/kashi-bose-lane-durga-puja-samity   144925
/paras/kashipur-durga-puja-pandal-dasnagar   123199
/paras/kashipur-saner-ghat-durga-puja   122817
/paras/kendua-shanti-sangha   120249
/paras/katjunagar-sarbojanin-durgotsab-committee   119486
/paras/keshtopur-prafulla-kanan-paschim-adhibasi-brinda   121840
/paras/kestopur-durga-puja   118654
/paras/khardah-arunachal-sarbojanin-sree-sree-sarbojanin-durgotsab   137615
/paras/khelat-bhavan-pathuriaghata-rajbari   119857
/paras/khidderpore-abhiyan   117671
/paras/khidderpore-shibtala-amar-sangha   120921
/paras/khiddrepur-sarbojanin   117715
/paras/khidirpur-25-palli-durga-puja   119558
/paras/khudiram-yubak-sangha   117851
/paras/kidderpore-25-palli-durga-puja   119245
/paras/kidderpore-bharati-sanmilani   118360
/paras/kidderpore-bijoyee-sangha   120673
/paras/kidderpore-gopal-doctor-roadjubak-sangha   121347
/paras/kidderpore-pally-saradiya   120300
/paras/kidderpore-juba-gosthi   120342
/paras/kidderpore-venus-club   120028
/paras/kishore-sangha-club-durga-puja-tangra   119969
/paras/kodalia-netaji-sangha   119709
/paras/kolkata-durga-puja-parikrama-boat-tour   120966
/paras/kolkata-poura-karmachari-sarbojanin-durgotsab-samity   134081
/paras/krishnabagan-junior-sangha   118251
/paras/kumartuli-ghat   118518
/paras/kumartuli-park-sarbojanin-durgotsab   120361
/paras/kumartuli-potters-lane-idol-making-hub   120194
/paras/kumartuly-park-sarbojanin   120783
/paras/kundubagan-abasik-samiti-durga-mandir   133944
/paras/kumortuli-sarbojonin-durgotsab   120185
/paras/kumatully-sarvojanin-durgotsav   121320
/paras/laha-bari   118552
/paras/laha-colony-bibek-sangha   121084
/paras/labony-estate-durga-puja   119068
/paras/lake-avenue-sebak-sangha   120423
/paras/lake-gardens-peoples-association   120467
/paras/lake-market-jubak-brinda   120417
/paras/lake-yuba-sangha   119635
/paras/lake-town-adhibashi-brinda   120450
/paras/lake-youth-corner-durga-puja   119549
/paras/lalabagan-sarbojanin-durgotsab-samity   121865
/paras/lal-building-durga-puja   118683
/paras/lalabagan-yubakbrinda-nabankur-sangha   121923
/paras/lakeview-park-durgotsab-samity   118567
/paras/maa-durga-pandal-balaka-abasan   119506
/paras/loona-7-star   117114
/paras/maddox-square-durga-pujo   119399
/paras/madhya-bidhan-pally-sarbojonin-puja-mandap   120147
/paras/madhab-das-lane-sarbojanin-durgotsab   121958
/paras/madhya-garfa-sarbojanin-durgotsab-puja-committee   120257
/paras/madhusudan-das-lane-bye-lane-sarbojaneen-durgotsab   120577
/paras/madhya-kolkata-sarbojanin-durga-puja   119853
/paras/madurdaha-united-club   120332
/paras/maha-anander-polly-sarbojonin-durga-utsob-committee   124121
/paras/mahamayatalaeast-milani   120242
/paras/mahatirtham-durgotsabkalikapur   118593
/paras/maitreyi-durga-puja-mandap   120037
/paras/majumder-para-durga-puja-pandal-andul   122968
/paras/mall-pally-sarbojanin-puja-committee   119136
/paras/mallick-bari-bhowanipore   119917
/paras/makhla-durga-puja-pandal-uttarpara   133393
/paras/majumder-para-unnayan-samity   118372
/paras/mallick-bari-pathuriaghatasingha-bahini   121488
/paras/mallick-colony-sarbojonin-durga-utsav   120508
/paras/manasbag-sarbojanin-durgotsab   135257
/paras/mandirtala-durga-puja-pandal   123090
/paras/manicktala-chaltabagan-loha-patty   120714
/paras/manicktala-14er-pally-sadharan-durga-utsab   120251
/paras/maniktala-anchalik-samity   118759
/paras/masterda-smriti-sangha   119905
/paras/metropolitan-durga-bari-tangra   119094
/paras/milan-samity-durga-puja-serampore   133507
/paras/mechua-bazar-sarbojanik-durgapuja-samity   119415
/paras/milan-chakra   119397
/paras/milan-sangha-durga-puja-pandal-ramrajatala   123437
/paras/milan-sangha-gobardanga   117391
/paras/milanpally-durga-puja   118812
/paras/mitali-kankurghachi   119877
/paras/metropolitan-sarbajanin-durgautshab   119076
/paras/mitali-sangha-bijoygarh-10-no-durga-puja-pandal   120935
/paras/mitali-sangha-durga-puja-pandal-kankurgachi   120827
/paras/mohammed-ali-park-muhammad-ali-park   126463
/paras/mohammad-ali-park   130786
/paras/mohan-bagan-barwari   120295
/paras/moitri-sangha-durga-puja-pandel   119859
/paras/monotosh-smrity-sangha   119993
/paras/mudiali-club   118868
/paras/naba-baghbazar-sarbajanin-durga-puja   120619
/paras/n-c-daw-bandukbari   120014
/paras/monmohan-bose-street-sarbojanin   118142
/paras/naba-jagrata-sangha   117870
/paras/nabajagarani-sangha-durga-puja-mandap   133685
/paras/nabapally-adhibasi-brinda   118077
/paras/nabapalli-sangha-sarbojanin-durgotsab   121192
/paras/nabarag-kidderpore   119753
/paras/nager-bazar-jessore-road-adhibasi-brinda   121872
/paras/nabin-pally-sarbojanin-durgotsav-hatibagan-nabinpally   160704
/paras/nagerbazar-sarbojanin   120564
/paras/nalin-sarkar-street   120390
/paras/naktala-udayan-sangha   121942
/paras/nandan-durga-puja-pandal   119398
/paras/nandaram-street-sarbojanin-durgotsab-samity   120079
/paras/nandibagan-sarbojanin-durgotsab-committee   121802
/paras/narasingha-avenue-association   121190
/paras/naskarpur-sarbojanin-durgotsabbehala-samsad   121851
/paras/nandram-sen-street-sarbojanin-durgotsab-samity   121583
/paras/nasta-goli-kankurgachi-durga-puja-pandal   119962
/paras/natunpally-pradip-sangha   119883
/paras/natunpara-durga-puja-pandal   119745
/paras/nawpara-dadabhai-sangha   120575
/paras/nazrul-park-unnayan-samiti   126719
/paras/nawpara-sammilita-sarbojanin-durgautsab   119337
/paras/nehru-nagar-sarbojonin-durga-puja-samity   134323
/paras/netaji-colony-lowland-sarbojanin-durgotsab-samity   121904
/paras/netaji-jatiya-sebadal   120323
/paras/new-market-54-pally-sarbajanin-durgotsav-parichalan-samity   140566
/paras/netajigarh-nagarik-brinda   124325
/paras/netaji-sarak-anchalic-adhibasibrinda   119272
/paras/new-santoshpur-adi-durgotsab   120708
/paras/new-market-sarbojonin-sri-sri-durga-puja   127041
/paras/newland-durga-puja-mandap-batanagar   119437
/paras/new-town-durga-puja-committee-bg-block   120227
/paras/newtown-aai-ca-block-cultural-association   119475
/paras/newtown-action-area-iii-durga-puja-pandal   133629
/paras/newtown-sarbojanin-durgotsab-samiti   118666
/paras/nilmoni-sen-bari   119761
/paras/nimtola-sarbojanin-durgotsab   121157
/paras/nimtala-sarbojanin-durga-puja   120244
/paras/nimta-sanghati-puja-mandap   133218
/paras/nirvik-sangha   119314
/paras/north-tridhara   119927
/paras/pagla-fouz   122904
/paras/paddapukur-balak-sangha   120461
/paras/olabibitola-sarbojanin-durgotsab-samity   124939
/paras/paikpara-sarbojanin-durgatsav-samity   121902
/paras/pallir-yubak-brinda   119741
/paras/paddapukur-youth-association   120382
/paras/pally-unnayan-samity-paschim-putiary   121144
/paras/pally-mangal-samity   152663
/paras/pallysree-durga-puja-ground   119869
/paras/palta-yuba-sports-cultural-club-durga-puja   147736
/paras/palpara-sarbojanin-durgoutsob-comm   118809
/paras/panchanantala-sarbojanin-durgotsab-committee   121842
/paras/panchasayar   117973
/paras/park-circus-beniapukur-united-puja-committee   121678
/paras/parasar-nabodaya-sangha   134121
/paras/parkshree-sarbojanin-durgotsav   119661
/paras/parnasree-club-durga-puja-ground   119918
/paras/pataldanga-sri-sri-saradiya-mahapuja   119079
/paras/pathakpara-balak-sangha   120263
/paras/pathakpara-barowari-puja-samiti   123280
/paras/pathuriaghata-pancher-palli-sarbojanin-durgatsab   122461
/paras/pathuriaghata-pancher-pally-sarbojonin-durgotsab-committee   122161
/paras/pathuriaghata-rajbari-khelat-ghose-residence   120555
/paras/pathuriaghata-rajbari-khelat-ghoses-residence   121366
/paras/patipukur-adi-sarbojanin-durga-puja-committee   121438
/paras/pathuriaghata-rajbari-khelat-ghoshs-residence   121882
/paras/patuli-sarbojanin-durgotsab   120503
/paras/prafulla-kanan-balak-brinda-east   120956
/paras/pragati-sangha-habra   117289
/paras/pragati-sangha-baruipur   118053
/paras/pratapaditya-road-tricone-park-barowari   121300
/paras/prantik-pally-sarbojanin-durgapuja   121178
/paras/purba-barisha-sitalatala-kishore-sangha   121212
/paras/purba-kalikata-sarbojanin-durgotsab   121069
/paras/pratapgarh-sporting-club-bongaon   117733
/paras/purba-kolkata-sarbojonin   118196
/paras/purba-putiary-pragati-sangha   120473
/paras/purbachal-sarbojanin-durgotsab-east   121374
/paras/purbachal-shakti-sangha   120357
/paras/purvachal-durga-puja-pandal   119462
/paras/putiary-sarbojonin-durgotsab-committee   119129
/paras/rabindra-kanan-sarbojanin-durgotsab   121839
/paras/railpukur-united-club-baguihati   118980
/paras/purbanchal-prabhati-sangha   120161
/paras/raipur-club-durga-puja-pandal   119561
/paras/raja-raj-ballav-street-sadanga-durgoutsav-samiti   123458
/paras/raja-subodh-mallick-square-sarbojanin   126550
/paras/rajdanga-amra-kajan-kalyan-samiti   121113
/paras/rajdanga-naba-uday-sangha   119922
/paras/ramakrishna-atheletic-club   118016
/paras/ramchandrapur-tarun-sangha   119329
/paras/ramgarh-jayasrinagar-association   118746
/paras/ramkrishapur-sarbojanin-durgotsab   118739
/paras/ramkrishna-park-durga-puja-mandap   133999
/paras/ramlalbazar-youth-association   120934
/paras/rammohan-sammilani   120185
/paras/ramkrishnapally-durga-puja-math   146678
/paras/rammohan-smriti-sangha   120428
/paras/ramrajatala-pallymangal-samity   124399
/paras/rangkol-mandal-para-yubak-brinda-durga-puja-pandal   121685
/paras/rampur-aker-pally-club   118555
/paras/rani-rashmoni-bhawan   125827
/paras/rani-rashmoni-palace   130910
/paras/rani-rashmoni-thakur-bari   130921
/paras/rani-rashmoni-kachari-bari   125813
/paras/rms-maidan-durga-puja   132650
/paras/roy-bahadur-road-netaji-sporting-club   120809
/paras/rupak-sangha-durga-puja-pandal   123080
/paras/regent-place-juba-sangha-club   119699
/paras/sabarna-roy-chowdhury-atchala-bari-boro-bari   120958
/paras/sabarna-roy-chowdhury-sanjer-attchala-bari   120345
/paras/saborna-roychoudhury-borobari-durga-puja-area   121011
/paras/sadananda-smrity-sangha   124100
/paras/sahidnagar-sarbojanin-durgotsab   118725
/paras/sahid-colony-sarbojanin-durga-pujo   133829
/paras/saha-bari-maniktala   120153
/paras/salkia-alapani   123733
/paras/salkia-bharat-sangha   123997
/paras/salkia-chatra-bayam-samity-shishu-udyan   123251
/paras/salkia-sadharan-durga-puja-jatadhari-park   125145
/paras/salkia-durgotsav-baroary   122645
/paras/salkia-sanskriti-sangha   121099
/paras/salkia-santi-sangha   123529
/paras/salt-lake-bj-block   119165
/paras/salkia-sangha-shree-maidan   122712
/paras/salt-lake-fd-block   119277
/paras/salt-lake-ck-block   119148
/paras/samaj-sebi-sangha   119778
/paras/sammilani   216871
/paras/samparka-mahila-durga-puja-committee   120400
/paras/sammilita-malapara-sarbojanin-durgotsab   122365
/paras/sanghasree   119026
/paras/sankrail-sporting-union-durga-mandap   122733
/paras/santi-pally-puja-samity   120014
/paras/sannyashi-bisasta-kali-bari   118405
/paras/sanghamitra   119458
/paras/santosh-mitra-square-lebutala   119963
/paras/santoshpur-avenue-south-durga-puja-pandal   120236
/paras/santoshpur-adi-sarbojanin-durgotsab   121092
/paras/santoshpur-lake-pally   119773
/paras/santoshpur-sagnik-durgotsav   118457
/paras/santoshpur-sagnik   117458
/paras/santoshpur-rishi-aurobindo-durga-puja-pandal   120581
/paras/santoshpur-trikon-park-durgotsab   119015
/paras/santragachi-kalpataru   123742
/paras/santragachi-south-howrah-vivekananda-foudation   123405
/paras/saradia-durga-puja-pandal-jadavpur   119938
/paras/saptarathi-sangha   117535
/paras/saraswat-sammilani   119767
/paras/sarbodaya-sammilani   119612
/paras/sarbojanin-durgotsav-committee-vanishkali-pallybasi-brinda   120663
/paras/sarbojanin-durgoutsav-committee   120721
/paras/sarat-bose-road-durga-puja-pandal   120113
/paras/sarbojanin-sree-sree-durgotsav-baguiati-sports-council   122247
/paras/sarir-sangathan-samity   117849
/paras/sarkar-bagan-sammilita-sangha-durga-puja   121951
/paras/sarkarbagan-adhibasibrinda-durgotsab   121487
/paras/sb-park-sarbojanin   119421
/paras/satattar-palli-sarbojanin-durgotsab-committee   119835
/paras/saterpalli-sarbojanin-durgotsav-committee   122142
/paras/sealdah-railway-athletic-club   119833
/paras/sealdah-bazar-jagaddhatri-puja   119704
/paras/sebak-sangha   119585
/paras/sevaosanskriti-sangha   117846
/paras/seventy-six-pally-sarbojanin-durgotsab   119144
/paras/shaktigarh-durga-mandop-birati   133201
/paras/shakuntala-park-netaji-sangha   121037
/paras/selimpur-pally-sarbojanin-durgotsab   120854
/paras/shakti-sangha-clubs-durga-puja-ground   120571
/paras/shastribagan-durgotsob-committee   118760
/paras/shibmandir   119372
/paras/shibaji-sangha-durga-puja-pandal   122977
/paras/shibpur-sastitala-baroary-samity   124710
/paras/shibrampur-aswathala-sarbojanin-durgotsav-committee   120344
/paras/shibtala-durga-mandap-madhyamgram   133583
/paras/shibpur-rabindra-samity   121011
/paras/shobhabazar-rajbari-thakur-dalan   120742
/paras/shimla-sporting-club-durga-puja   121084
/paras/shobhabazar-burtolla-sarbojanin-durgotsav-samity   121794
/paras/shreebhumi-sporting-club-durga-puja   179930
/paras/shyama-palli-shyama-sangha   118162
/paras/shyambazar-palli-sangha   120987
/paras/shyambazar-nabin-sangha   120653
/paras/shreenagar-durgamondop   133325
/paras/shyamsquare-sarbojanin-duegapuja-o-pradarshani   122756
/paras/shyampukur-sanghatirtha-durga-puja-samity-sanghatirtha   123287
/paras/shyampukur-adi-sarbojanin-durgotsab-comm   121977
/paras/sikdar-bagan-sadharan-durgotsab   121275
/paras/simla-byayam-samity   120647
/paras/simla-sporting-club   120518
/paras/simulia-sarvajanin-durgotsav-samity-vivekananda-road   122880
/paras/sinthee-agragami-sangha   120822
/paras/sinthee-roy-para-sarbojanin-club-durga-puja-pandal   121268
/paras/singhi-park-sarbojanin-durgapuja-committee   163355
/paras/sister-nivedita-multipurpose-society-durga-puja-mandap   120723
/paras/sitala-maitri-sangha   118431
/paras/sobhabazar-burtolla-sarbojanin-durgotsab   121995
/paras/sobhabazar-sarbojanin-durgotsab   118556
/paras/sonali-park-sports-and-cultural-society   119941
/paras/sonar-durga-bari-behala   120259
/paras/sonar-durga-bari-mukherjee-bari-behala   119925
/paras/sonarpur-recreation-club   120443
/paras/sontoshpur-avenue-south-club   120508
/paras/sontoshpur-tricon-park   120016
/paras/south-purbachal-ideal-sporting-club   121279
/paras/sodepur-club   133399
/paras/southern-satadal   119569
/paras/sontoshpur-sarbojanin-durgotsab   120686
/paras/sovabazar-rajbari-boro-rajbari   180686
/paras/sree-durga-club   119618
/paras/sree-sangha-puja-committee   120763
/paras/sreebhumi-durga-puja-pandal-7th-lane   120040
/paras/sri-sangha-durga-puja-area   119434
/paras/sreebhumi-sporting-club   119523
/paras/state-bank-park-sarbojanin-durgotsab   121424
/paras/subal-smriti-sangha-bantra-sarbojonin-durgotsab   125610
/paras/sunil-nagar-sarbojanin   119961
/paras/subhashpally-sarbojonin-durga-puja-pandal   120032
/paras/suruchi-sangha-new-alipore   120025
/paras/sura-sarbojanin-durgotsab-committee   119054
/paras/surirbagan-sarbojanin-durgotsab-committee   122260
/paras/swapnar-bagan-yubak-brinda-durga-puja   119934
/paras/swadhinata-udjapan-samity-kakurgachi-c-i-t-rd   120006
/paras/swatantra-jubak-sangha   120064
/paras/tagore-park-sporting-club   120132
/paras/tal-betal-durga-puja   119563
/paras/tala-barowari-durgotsab   135632
/paras/tala-friends-association   120709
/paras/tala-pally-sadharan-durgotsab-samity   120933
/paras/tala-palli-sadharan-durgotsab-samity   120637
/paras/taltala-doctor-lanestha-sarbojanin-durgotsab   121562
/paras/tala-prattoy   170649
/paras/taltala-sarbojanin-durga-puja   120447
/paras/taltala-sarbojanin-saradiya-puja-committee   119897
/paras/taltata-yuba-association-durga-puja-samity   119449
/paras/tangra-gholpara-sarbojanin   120309
/paras/tamer-lane-sarbojanin-durgotsab   118561
/paras/tarun-brindo-sarbojonin-durga-puja-mondop   120604
/paras/tarun-dall-puja-committee   118188
/paras/tarun-matri-sevak-samity   139657
/paras/tarapukur-paschimpally-puja-mandop-committee   134172
/paras/tekiapara-sarbojanin-durgotsab-committee   119277
/paras/telengabagan-sarbojanin-durgotsab   121611
/paras/tentulberia-shibtalapark-sarbojanin-durgotsab   120375
/paras/thakurpukur-club-pally-mangal-colony   120975
/paras/the-bengal-boys-training-association   121072
/paras/thanthania-dutta-bari   119309
/paras/tilak-nagar-sarbajanin-durgatsab-committee   121735
/paras/the-newalipore-association   118249
/paras/titagarh-tarun-sangh-durga-puja-committee   133769
/paras/tollygunge-adi-durga-mancha   118847
/paras/tollygunge-nagarik-sangsad-durga-puja-area   120385
/paras/tollygunge-road-27-pally-bijoyee-sangha   121376
/paras/tridhara   156161
/paras/trinayanee   116915
/paras/udayan-kidderpore   119885
/paras/udayan-sangha   119101
/paras/ultadanga-bidhan-sangha   120737
/paras/uddipani-park-circus-sarbojanin-durgotsab   119708
/paras/ultadanga-jagaranisangha   121145
/paras/ultadanga-pallyshree   120696
/paras/ultadanga-sangrami-sarbojanin-durgotsab   119393
/paras/united-club   118448
/paras/unnayani-sangha   119545
/paras/uttar-bantra-sarbojanin-durgotsab-committee   122665
/paras/uttar-kolkata-sanhati-sporting-club   121565
/paras/uttar-kolkata-sarbojanin-durga-puja-birendra-mancha   122147
/paras/uttar-halderpara-club   120234
/paras/vidyasagar-central-sarbojanin-durgatsav-committee   122008
/paras/vivekananda-park-athletic-club   120495
/paras/uttarayan-club   123061
/paras/vivekananda-sarbojanin-durgotsab   121869
/paras/vivekananda-sporting-club-haridevpur   121123
/paras/vivekananda-sporting-clubgreen-parkbblock   121393
/paras/ward-no1-sadharan-durgotsab-o-pradarshani   128200
/paras/wellington-nagarik-kalyan-samity   127640
/paras/yogipara-puja-kalyan-samity   118324
/paras/young-corner-park-circus   118034
/paras/young-blood-sarbojanin-durgotsab-committee   120650
/paras/yuba-brinda   119025
/paras/yuba-brinda-durga-puja-mandop   119909
/paras/yuba-dal   118959
/paras/youth-recreation-centre   117870
/chronicles/history-of-kolkata-durga-puja   119001
/chronicles/first-timers-guide-pandal-hopping   119336
/chronicles/art-of-dhak-heartbeat-durga-puja   116850
/chronicles/kumartuli-where-goddesses-are-born   117362
/chronicles/sindoor-khela-bittersweet-farewell   116865
/chronicles/kolkata-street-food-trail-puja   120975
